// Jest Snapshot v1, https://goo.gl/fbAQLP

exports[`components/atoms/Button renders 1`] = `
<StyledComponent
  forwardedClass={
    Object {
      "$$typeof": Symbol(react.forward_ref),
      "attrs": undefined,
      "componentStyle": ComponentStyle {
        "componentId": "Button-sc-12a0ki3-0",
        "isStatic": true,
        "rules": Array [],
      },
      "displayName": "Button",
      "render": [Function],
      "styledComponentId": "Button-sc-12a0ki3-0",
      "target": "button",
      "warnTooManyClasses": [Function],
      "withComponent": [Function],
    }
  }
  forwardedRef={null}
>
  Test
</StyledComponent>
`;
